

*******************************************************************************
Fri Apr 15 13:23:58 2022


FIT:    data read from "<(sed -n '/^-1\.0/,/^1\.0/p' StressPerm.txt)" using ($2*10**9):($3*eps_free)
        format = x:z
        #datapoints = 5
        residuals are weighted equally (unit weight)

function used for fitting: f(x)
	f(x)= eps0x*eps_free + 2*x*M14
fitted parameters initialized with current variable values

iter      chisq       delta/lim  lambda   M14          
   0 9.9999800000e+18   0.00e+00  1.41e+09    1.000000e+00
   6 8.9148571295e-23  -7.94e-02  1.41e+03    3.675733e-21

After 6 iterations the fit converged.
final sum of squares of residuals : 8.91486e-23
rel. change during last iteration : -7.94396e-07

degrees of freedom    (FIT_NDF)                        : 4
rms of residuals      (FIT_STDFIT) = sqrt(WSSR/ndf)    : 4.72093e-12
variance of residuals (reduced chisquare) = WSSR/ndf   : 2.22871e-23

Final set of parameters            Asymptotic Standard Error
=======================            ==========================
M14             = 3.67573e-21      +/- 1.493e-21    (40.61%)


*******************************************************************************
Fri Apr 15 13:23:58 2022


FIT:    data read from "<(sed -n '/^-1\.0/,/^1\.0/p' StressPerm.txt)" using ($2*10**9):($7*eps_free)
        format = x:z
        #datapoints = 5
        residuals are weighted equally (unit weight)

function used for fitting: f(x)
	f(x)= eps0y*eps_free + 2*x*M24
fitted parameters initialized with current variable values

iter      chisq       delta/lim  lambda   M24          
   0 9.9999800000e+18   0.00e+00  1.41e+09    1.000000e+00
   6 1.2440724022e-19  -5.69e-05  1.41e+03    2.011931e-20

After 6 iterations the fit converged.
final sum of squares of residuals : 1.24407e-19
rel. change during last iteration : -5.69226e-10

degrees of freedom    (FIT_NDF)                        : 4
rms of residuals      (FIT_STDFIT) = sqrt(WSSR/ndf)    : 1.76357e-10
variance of residuals (reduced chisquare) = WSSR/ndf   : 3.11018e-20

Final set of parameters            Asymptotic Standard Error
=======================            ==========================
M24             = 2.01193e-20      +/- 5.577e-20    (277.2%)


*******************************************************************************
Fri Apr 15 13:23:58 2022


FIT:    data read from "<(sed -n '/^-1\.0/,/^1\.0/p' StressPerm.txt)" using ($2*10**9):($11*eps_free)
        format = x:z
        #datapoints = 5
        residuals are weighted equally (unit weight)

function used for fitting: f(x)
	f(x)= eps0z*eps_free + 2*x*M34
fitted parameters initialized with current variable values

iter      chisq       delta/lim  lambda   M34          
   0 9.9999800000e+18   0.00e+00  1.41e+09    1.000000e+00
   6 1.9951349024e-22  -3.55e-02  1.41e+03    2.470853e-21

After 6 iterations the fit converged.
final sum of squares of residuals : 1.99513e-22
rel. change during last iteration : -3.54929e-07

degrees of freedom    (FIT_NDF)                        : 4
rms of residuals      (FIT_STDFIT) = sqrt(WSSR/ndf)    : 7.06246e-12
variance of residuals (reduced chisquare) = WSSR/ndf   : 4.98784e-23

Final set of parameters            Asymptotic Standard Error
=======================            ==========================
M34             = 2.47085e-21      +/- 2.233e-21    (90.39%)


*******************************************************************************
Fri Apr 15 13:23:58 2022


FIT:    data read from "<(sed -n '/^-1\.0/,/^1\.0/p' StressPerm.txt)" using ($2*10**9):($8*eps_free)
        format = x:z
        #datapoints = 5
        residuals are weighted equally (unit weight)

function used for fitting: f(x)
	f(x)= eps0yz*eps_free + 2*x*M44
fitted parameters initialized with current variable values

iter      chisq       delta/lim  lambda   M44          
   0 9.9999800000e+18   0.00e+00  1.41e+09    1.000000e+00
   6 8.5865674110e-21  -8.25e-04  1.41e+03    1.373286e-20

After 6 iterations the fit converged.
final sum of squares of residuals : 8.58657e-21
rel. change during last iteration : -8.24741e-09

degrees of freedom    (FIT_NDF)                        : 4
rms of residuals      (FIT_STDFIT) = sqrt(WSSR/ndf)    : 4.63319e-11
variance of residuals (reduced chisquare) = WSSR/ndf   : 2.14664e-21

Final set of parameters            Asymptotic Standard Error
=======================            ==========================
M44             = 1.37329e-20      +/- 1.465e-20    (106.7%)


*******************************************************************************
Fri Apr 15 13:23:58 2022


FIT:    data read from "<(sed -n '/^-1\.0/,/^1\.0/p' StressPerm.txt)" using ($2*10**9):($5*eps_free)
        format = x:z
        #datapoints = 5
        residuals are weighted equally (unit weight)

function used for fitting: f(x)
	f(x)= eps0xz*eps_free + 2*x*M54
fitted parameters initialized with current variable values

iter      chisq       delta/lim  lambda   M54          
   0 9.9999800000e+18   0.00e+00  1.41e+09    1.000000e+00
   7 1.5234580152e-24   0.00e+00  1.41e+02   -3.630217e-22

After 7 iterations the fit converged.
final sum of squares of residuals : 1.52346e-24
rel. change during last iteration : 0

degrees of freedom    (FIT_NDF)                        : 4
rms of residuals      (FIT_STDFIT) = sqrt(WSSR/ndf)    : 6.17142e-13
variance of residuals (reduced chisquare) = WSSR/ndf   : 3.80865e-25

Final set of parameters            Asymptotic Standard Error
=======================            ==========================
M54             = -3.63022e-22     +/- 1.952e-22    (53.76%)


*******************************************************************************
Fri Apr 15 13:23:58 2022


FIT:    data read from "<(sed -n '/^-1\.0/,/^1\.0/p' StressPerm.txt)" using ($2*10**9):($4*eps_free)
        format = x:z
        #datapoints = 5
        residuals are weighted equally (unit weight)

function used for fitting: f(x)
	f(x)= eps0xy*eps_free + 2*x*M64
fitted parameters initialized with current variable values

iter      chisq       delta/lim  lambda   M64          
   0 9.9999800000e+18   0.00e+00  1.41e+09    1.000000e+00
   6 3.8684245646e-22  -1.83e-02  1.41e+03   -6.791167e-21

After 6 iterations the fit converged.
final sum of squares of residuals : 3.86842e-22
rel. change during last iteration : -1.83063e-07

degrees of freedom    (FIT_NDF)                        : 4
rms of residuals      (FIT_STDFIT) = sqrt(WSSR/ndf)    : 9.83416e-12
variance of residuals (reduced chisquare) = WSSR/ndf   : 9.67106e-23

Final set of parameters            Asymptotic Standard Error
=======================            ==========================
M64             = -6.79117e-21     +/- 3.11e-21     (45.79%)


*******************************************************************************
Fri Apr 15 13:23:58 2022


FIT:    data read from "<(sed -n '/^-1\.0/,/^1\.0/p' StressRigid.txt)" using ($2*10**9):($3/eps_free)
        format = x:z
        #datapoints = 5
        residuals are weighted equally (unit weight)

function used for fitting: f(x)
	f(x)= eta0x/eps_free + 2*x*Q14
fitted parameters initialized with current variable values

iter      chisq       delta/lim  lambda   Q14          
   0 1.1588882776e+19   0.00e+00  1.41e+09    1.000000e+00
   4 1.1188114332e+16  -5.15e-09  1.41e+05   -7.599804e-02

After 4 iterations the fit converged.
final sum of squares of residuals : 1.11881e+16
rel. change during last iteration : -5.14832e-14

degrees of freedom    (FIT_NDF)                        : 4
rms of residuals      (FIT_STDFIT) = sqrt(WSSR/ndf)    : 5.28869e+07
variance of residuals (reduced chisquare) = WSSR/ndf   : 2.79703e+15

Final set of parameters            Asymptotic Standard Error
=======================            ==========================
Q14             = -0.075998        +/- 0.01672      (22.01%)


*******************************************************************************
Fri Apr 15 13:23:58 2022


FIT:    data read from "<(sed -n '/^-1\.0/,/^1\.0/p' StressRigid.txt)" using ($2*10**9):($7/eps_free)
        format = x:z
        #datapoints = 5
        residuals are weighted equally (unit weight)

function used for fitting: f(x)
	f(x)= eta0y/eps_free + 2*x*Q24
fitted parameters initialized with current variable values

iter      chisq       delta/lim  lambda   Q24          
   0 2.5341735790e+19   0.00e+00  1.41e+09    1.000000e+00
   3 7.0766885590e+18  -2.86e-02  1.41e+06   -3.514838e-01

After 3 iterations the fit converged.
final sum of squares of residuals : 7.07669e+18
rel. change during last iteration : -2.85636e-07

degrees of freedom    (FIT_NDF)                        : 4
rms of residuals      (FIT_STDFIT) = sqrt(WSSR/ndf)    : 1.3301e+09
variance of residuals (reduced chisquare) = WSSR/ndf   : 1.76917e+18

Final set of parameters            Asymptotic Standard Error
=======================            ==========================
Q24             = -0.351484        +/- 0.4206       (119.7%)


*******************************************************************************
Fri Apr 15 13:23:58 2022


FIT:    data read from "<(sed -n '/^-1\.0/,/^1\.0/p' StressRigid.txt)" using ($2*10**9):($11/eps_free)
        format = x:z
        #datapoints = 5
        residuals are weighted equally (unit weight)

function used for fitting: f(x)
	f(x)= eta0z/eps_free + 2*x*Q34
fitted parameters initialized with current variable values

iter      chisq       delta/lim  lambda   Q34          
   0 8.2607899787e+18   0.00e+00  1.41e+09    1.000000e+00
   3 1.0782701172e+17  -8.37e-01  1.41e+06    9.706151e-02

After 3 iterations the fit converged.
final sum of squares of residuals : 1.07827e+17
rel. change during last iteration : -8.36777e-06

degrees of freedom    (FIT_NDF)                        : 4
rms of residuals      (FIT_STDFIT) = sqrt(WSSR/ndf)    : 1.64185e+08
variance of residuals (reduced chisquare) = WSSR/ndf   : 2.69568e+16

Final set of parameters            Asymptotic Standard Error
=======================            ==========================
Q34             = 0.0970615        +/- 0.05192      (53.49%)


*******************************************************************************
Fri Apr 15 13:23:58 2022


FIT:    data read from "<(sed -n '/^-1\.0/,/^1\.0/p' StressRigid.txt)" using ($2*10**9):($8/eps_free)
        format = x:z
        #datapoints = 5
        residuals are weighted equally (unit weight)

function used for fitting: f(x)
	f(x)= eta0yz/eps_free + 2*x*Q44
fitted parameters initialized with current variable values

iter      chisq       delta/lim  lambda   Q44          
   0 1.5809798429e+19   0.00e+00  1.41e+09    1.000000e+00
   3 3.3452463823e+17  -5.12e-01  1.41e+06   -2.439978e-01

After 3 iterations the fit converged.
final sum of squares of residuals : 3.34525e+17
rel. change during last iteration : -5.11956e-06

degrees of freedom    (FIT_NDF)                        : 4
rms of residuals      (FIT_STDFIT) = sqrt(WSSR/ndf)    : 2.89191e+08
variance of residuals (reduced chisquare) = WSSR/ndf   : 8.36312e+16

Final set of parameters            Asymptotic Standard Error
=======================            ==========================
Q44             = -0.243998        +/- 0.09145      (37.48%)


*******************************************************************************
Fri Apr 15 13:23:58 2022


FIT:    data read from "<(sed -n '/^-1\.0/,/^1\.0/p' StressRigid.txt)" using ($2*10**9):($5/eps_free)
        format = x:z
        #datapoints = 5
        residuals are weighted equally (unit weight)

function used for fitting: f(x)
	f(x)= eta0xz/eps_free + 2*x*Q54
fitted parameters initialized with current variable values

iter      chisq       delta/lim  lambda   Q54          
   0 1.0227032233e+19   0.00e+00  1.41e+09    1.000000e+00
   4 5.8034475365e+14  -7.80e-08  1.41e+05   -1.126022e-02

After 4 iterations the fit converged.
final sum of squares of residuals : 5.80345e+14
rel. change during last iteration : -7.8014e-13

degrees of freedom    (FIT_NDF)                        : 4
rms of residuals      (FIT_STDFIT) = sqrt(WSSR/ndf)    : 1.20452e+07
variance of residuals (reduced chisquare) = WSSR/ndf   : 1.45086e+14

Final set of parameters            Asymptotic Standard Error
=======================            ==========================
Q54             = -0.0112602       +/- 0.003809     (33.83%)


*******************************************************************************
Fri Apr 15 13:23:58 2022


FIT:    data read from "<(sed -n '/^-1\.0/,/^1\.0/p' StressRigid.txt)" using ($2*10**9):($4/eps_free)
        format = x:z
        #datapoints = 5
        residuals are weighted equally (unit weight)

function used for fitting: f(x)
	f(x)= eta0xy/eps_free + 2*x*Q64
fitted parameters initialized with current variable values

iter      chisq       delta/lim  lambda   Q64          
   0 7.7310996351e+18   0.00e+00  1.41e+09    1.000000e+00
   3 2.1303804277e+17  -3.91e-01  1.41e+06    1.329316e-01

After 3 iterations the fit converged.
final sum of squares of residuals : 2.13038e+17
rel. change during last iteration : -3.90545e-06

degrees of freedom    (FIT_NDF)                        : 4
rms of residuals      (FIT_STDFIT) = sqrt(WSSR/ndf)    : 2.3078e+08
variance of residuals (reduced chisquare) = WSSR/ndf   : 5.32595e+16

Final set of parameters            Asymptotic Standard Error
=======================            ==========================
Q64             = 0.132932         +/- 0.07298      (54.9%)
